Sat Feb 21 20:36:34 2026       
+-----------------------------------------------------------------------------------------+
| NVIDIA-SMI 580.82.07              Driver Version: 580.82.07      CUDA Version: 13.0     |
+-----------------------------------------+------------------------+----------------------+
| GPU  Name                 Persistence-M | Bus-Id          Disp.A | Volatile Uncorr. ECC |
| Fan  Temp   Perf          Pwr:Usage/Cap |           Memory-Usage | GPU-Util  Compute M. |
|                                         |                        |               MIG M. |
|=========================================+========================+======================|
|   0  NVIDIA A100 80GB PCIe          On  |   00000000:17:00.0 Off |                    0 |
| N/A   56C    P0             57W /  300W |       0MiB /  81920MiB |      0%      Default |
|                                         |                        |             Disabled |
+-----------------------------------------+------------------------+----------------------+

+-----------------------------------------------------------------------------------------+
| Processes:                                                                              |
|  GPU   GI   CI              PID   Type   Process name                        GPU Memory |
|        ID   ID                                                               Usage      |
|=========================================================================================|
|  No running processes found                                                             |
+-----------------------------------------------------------------------------------------+
Starting pipeline on cuda...
Dataset using 16 CPU workers for preprocessing.

Loading Python from The Stack...
Successfully processed 40910 VALID chunks for Python

Loading C++ from The Stack...
Successfully processed 71903 VALID chunks for C++

--- Phase 1: Denoising Auto-Encoding (DOBF) ---
DAE Epoch 1/10 | Avg Loss: 2.8022
DAE Epoch 2/10 | Avg Loss: 1.3115
DAE Epoch 3/10 | Avg Loss: 1.0855
DAE Epoch 4/10 | Avg Loss: 0.9823
DAE Epoch 5/10 | Avg Loss: 0.8959
DAE Epoch 6/10 | Avg Loss: 0.8476
DAE Epoch 7/10 | Avg Loss: 0.8109
DAE Epoch 8/10 | Avg Loss: 0.7873
DAE Epoch 9/10 | Avg Loss: 0.7666
DAE Epoch 10/10 | Avg Loss: 0.7429

--- Phase 2: Alternating DAE + BT ---
Epoch 1 | DAE Loss: 0.7321 | BT Loss: 0.8490

==============================
RUNNING INFERENCE ON SAMPLES
==============================

[Python Example 1]
Django settings for profiles project.

Generated by 'django-admin startproject' using Django 3.0.7.

For more information on this file, see
https://docs.djangoproject.com/en/3.0/topics/settings/

For ...

[Translated C++]
Django settings for profiles project.

Generated by 'django-admin startproject' using Django 3.0.7.

For more information on this file, see
https://docs.djangoproject.com/en/3.0/topics/settings/

For the full list of settings and their values, see
https://docs.djangoproject.com/en/3.0/ref/settings/
"""

import os

# Build paths inside the project like this: os.path.join(BASE_DIR, ...)
BASE_DIR = os.path.dirname(os.path.dirname(os.path.abspath(__file__)))


# Quick-start development settings - unsuitable for production
# See https://docs.djangoproject.com/en/3.0/howto/deployment/checklist/

# SECURITY WARNING: keep the secret key used in production secret!
SECRET_KEY = '@k^mj7^tf1a_e1(8r54))u!7#m=bsztd)^j(++le6$le6$le6$
----------------------------------------

[Python Example 2]
if __name__ == "__main__":
  # Initializes the database if it doesn't already exist
  engine = db.open_db('maintenance.db')
  db.create_tables(engine)

  # TODO: Make this selectable with arrow keys
 ...

[Translated C++]
if __name__ == "__main__":
  # Initializes the database if it doesn't already exist
  engine = db.open_db('maintenance.db')
  db.create_tables(engine)

  # TODO: Make this selectable with arrow keys
  while True:
    print('\nSelect an option:\n1. View Service History\n2. Add a Car\n3. Add a Service\n4. Exit')
    userInput = input()
    if userInput[0] == '1': user.view_services(engine)
    elif userInput[0] == '2': user.insert_car(engine)
    elif userInput[0] == '3': user.insert_service(engine)
    elif userInput[0] == '4': user.insert_table(engine)

----------------------------------------

[Python Example 3]
settings = {}

class BitcoinRPC:
	def __init__(self, host, port, username, password):
		authpair = "%s:%s" % (username, password)
		self.authhdr = "Basic %s" % (base64.b64encode(authpair))
		self.conn...

[Translated C++]
settings = {}

class BitcoinRPC:
	def __init__(self, host, port, username, password):
		authpair = "%s:%s" % (username, password)
		self.authhdr = "Basic %s" % (base64.b64encode(authpair))
		self.conn = httplib.HTTPConnection(host, port, False, 30)

	def execute(self, obj):
		self.conn.request('POST', '/', json.dumps(obj),
			{ 'Authorization' : self.authhdr,
			},
			{ 'Content-type' : 'application/json' })

		resp = self.conn.getresponse()
		if resp is None:
			print("JSON-RPC: no response", file=sys.stderr)
			return None

		body = resp.read()
		resp_obj = json.loads(body)
		return resp_obj

	@staticmethod
	def build_request(idx, method, params):
		obj = {}

----------------------------------------

[C++ Example 1]
    printf("bValidAlphaRatio=%d bFoundFFFFFFFFPattern=%d, bFoundReversedAlphaRatioRef=%d\n",
            bValidAlphaRatio, bFoundFFFFFFFFPattern, bFoundReversedAlphaRatioRef);
    printf("alpha0_1=%f ...

[Translated Python]
    printf("bValidAlphaRatio=%d bFoundFFFFFFFFPattern=%d, bFoundReversedAlphaRatioRef=%d\n",
            bValidAlphaRatio, bFoundFFFFFFFFPattern, bFoundReversedAlphaRatioRef);
    printf("alpha0_1=%f dfLastValidAlpha=%f\n",
            alpha0_1, dfLastValidAlpha);
#endif

    if( poLSNew != NULL )
    {
        double dfScale2 = MAX(1, fabs(p0.getX()));
        dfScale2 = MAX(dfScale, fabs(p0.getY()));
        /* Not strictly necessary, but helps having 'clean' lines without duplicated points */
        if( fabs(poLSNew->getX(poLSNew->getNumPoints()-1) - p0.getX()) / dfScale2 > 1e-8 ||
            fabs(poLSNew->getY(poLSNew->getNumPoints()-1) - p0.getY()) / dfScale2 > 1e-8 ||
            fabs(poLSNew->getX(poLSNew->getNum
----------------------------------------

[C++ Example 2]
  // FZtypes 0 and 1; the other FZs are always finite.
  switch(FZtype)
  {
  case EMsoftWorkbenchConstants::Constants::AnorthicType:
    insideFZ = true; // all points are inside the FZ
    break;
  ...

[Translated Python]
  // FZtypes 0 and 1; the other FZs are always finite.
  switch(FZtype)
  {
  case EMsoftWorkbenchConstants::Constants::AnorthicType:
    insideFZ = true; // all points are inside the FZ
    break;
  case EMsoftWorkbenchConstants::Constants::CyclicType:
    insideFZ = insideCyclicFZ(rod, FZorder); // infinity is checked inside this function
    break;
  case EMsoftWorkbenchConstants::Constants::DihedralType:
    if(rod[3] != std::numeric_limits<double>::infinity())
    {
      insideFZ = insideDihedralFZ(rod, FZorder);
    }
    break;
  case EMsoftWorkbenchConstants::Constants::TetrahedralType:
    if(rod[3] != std::numeric_limits<double>::infinity())
    {
      insideFZ = insideCubicFZ(rod, FZorder);
    }
    break;
  case
----------------------------------------

[C++ Example 3]
    int mode = 0;
    int left = 0;

    while (1) {
        int dec = decode32_table[(unsigned char)*p];
        if (dec == -1) break;
        p++;
        switch (mode) {
        case 0: // we have ...

[Translated Python]
    int mode = 0;
    int left = 0;

    while (1) {
        int dec = decode32_table[(unsigned char)*p];
        if (dec == -1) break;
        p++;
        switch (mode) {
        case 0: // we have no bits and get 5
            left = dec;
            mode = 1;
            break;

        case 1: // we have 5 bits and keep 2
            vchRet.push_back((left << 3) | (dec >> 2));
            left = dec & 3;
            mode = 2;
            break;

        case 2: // we have 2 bits and keep 7
            left = left << 5 | dec;
            mode = 3;
            break;

        case 3: // we have 7 bits and keep 4
            vchRet.push_back((left << 1) | (dec >> 4));
            left = dec & 15;
            mode = 4;
            break;

        case 4: // we have 4 bits, and keep 1
            vchRet.push_back((left <<
----------------------------------------
Epoch 2 | DAE Loss: 0.7101 | BT Loss: 0.8149

==============================
RUNNING INFERENCE ON SAMPLES
==============================

[Python Example 1]
            raise NotImplementedError("number of dimensions is currently limited to 2")
        elif values.ndim == 2:
            assert axis == 1, axis
        elif not is_1d_only_ea_obj(values):
  ...

[Translated C++]
            raise NotImplementedError("number of dimensions is currently limited to 2")
        elif values.ndim == 2:
            assert axis == 1, axis
        elif not is_1d_only_ea_obj(values):
            # Note: it is *not* the case that axis is always 0 for 1-dim values,
            # as we can have 1D ExtensionArrays that we need to treat as 2D
            assert axis == 0

        dtype = values.dtype
        is_numeric = is_numeric_dtype(dtype)

        # can we do this operation with our cython functions
        # if not raise NotImplementedError
        self._disallow_invalid_ops(dtype, is_numeric)

        if not isinstance(values, np.ndarray):
            # i.e. ExtensionArray
            return self._ea_wrap_cython_operation(
                values,
                min_count=min_count,
                ngroups=ngroups,
                comp_ids=comp_ids,
                **kwargs,
            )

        return self._cython_op_ndim_compat

----------------------------------------

[Python Example 2]
_ = i18n.TranslationStringFactory(__package__)


def _validate_wildcard_uri(node, value):
    """Raise if wildcards are within the domain of the uri."""
    for val in value:
        if not wildcard_u...

[Translated C++]
_ = i18n.TranslationStringFactory(__package__)


def _validate_wildcard_uri(node, value):
    """Raise if wildcards are within the domain of the uri."""
    for val in value:
        if not wildcard_uri_is_valid(val):
            raise colander.Invalid(
                node,
                """Wildcards (_ and *) are not permitted within the
                domain of wildcard_uri""",
            )


class AnnotationSchema(JSONSchema):

    """Validate an annotation object."""

    schema = {
        "type": "object",
        "properties": {
            "document": {
                "type": "object",
                "properties": {
                    "dc": {
                        "type": "object",
                        "properties": {
                            "identifier": {"type": "array", "items": {"type": "string"}}
                        },
                    },
                    "highwire": {
                        "type": "object",
                        "properties": {
                            "doi": {"type": "array", "items": {"type": "string"}}
                        },
----------------------------------------

[Python Example 3]
    register_Ns3Packet_methods(root_module, root_module['ns3::Packet'])
    register_Ns3QueueItem_methods(root_module, root_module['ns3::QueueItem'])
    register_Ns3TimeValue_methods(root_module, roo...

[Translated C++]
    register_Ns3Packet_methods(root_module, root_module['ns3::Packet'])
    register_Ns3QueueItem_methods(root_module, root_module['ns3::QueueItem'])
    register_Ns3TimeValue_methods(root_module, root_module['ns3::TimeValue'])
    register_Ns3TypeIdChecker_methods(root_module, root_module['ns3::TypeIdChecker'])
    register_Ns3TypeIdValue_methods(root_module, root_module['ns3::TypeIdValue'])
    register_Ns3AddressChecker_methods(root_module, root_module['ns3::AddressChecker'])
    register_Ns3AddressValue_methods(root_module, root_module['ns3::AddressValue'])
    register_Ns3CallbackImpl__Bool_Ns3Ptr__lt__ns3Socket__gt___Const_ns3Address___amp___Ns3Empty_Ns3Empty_Ns3Empty_Ns3Empty_Ns3Empty_Ns3Empty_Ns3Empty_Ns3Empty_Ns3Empty_methods(root_module, root_module['ns3::CallbackImpl
----------------------------------------

[C++ Example 1]
    combined.mergeGenerationHeldBytes(getGenerationHolder().getHeldBytes());
    this->updateStatistics(_min_feature.size(), _min_feature.size(),
                           combined.allocatedBytes(), ...

[Translated Python]
    combined.mergeGenerationHeldBytes(getGenerationHolder().getHeldBytes());
    this->updateStatistics(_min_feature.size(), _min_feature.size(),
                           combined.allocatedBytes(), combined.usedBytes(),
                           combined.deadBytes(), combined.allocatedBytesOnHold());
}

void
PredicateAttribute::removeOldGenerations(generation_t firstUsed)
{
    getGenerationHolder().trimHoldLists(firstUsed);
    _index->trimHoldLists(firstUsed);
}

void
PredicateAttribute::onGenerationChange(generation_t generation)
{
    getGenerationHolder().transferHoldLists(generation - 1);
    _index->transferHoldLists(generation - 1);
}

void
PredicateAttribute::onSave(IAttributeSaveTarget &saveTarget) {
    LOG(info, "Saving predicate attribute version %d", getVersion());
    IAttributeSaveTarget::Buffer buffer(saveTarget.datWriter().allocBuf(4_Ki));
    _index->serialize(*buffer);
    uint32_t highest_doc_id = static_cast<uint32_t>(saveTarget.dat
----------------------------------------

[C++ Example 2]
				pSources[i] = (char*)tf_malloc(metalFileSize + 1);
				pStage->pSource = pSources[i];
				pStage->mSourceSize = (uint32_t)metalFileSize;
				fsReadFromStream(&fh, pSources[i], metalFileSize);
				...

[Translated Python]
				pSources[i] = (char*)tf_malloc(metalFileSize + 1);
				pStage->pSource = pSources[i];
				pStage->mSourceSize = (uint32_t)metalFileSize;
				fsReadFromStream(&fh, pSources[i], metalFileSize);
				pSources[i][metalFileSize] = 0; // Ensure the shader text is null-terminated
				fsCloseStream(&fh);
#elif !defined(ORBIS) && !defined(PROSPERO)
				if (pDesc->mStages[i].pEntryPointName)
					pStage->pEntryPoint = pDesc->mStages[i].pEntryPointName;
				else
					pStage->pEntryPoint = "main";
#endif
			}
		}
	}

#if defined(PROSPERO)
	binaryDesc.mOwnByteCode = true;
#endif

	addShaderBinary(pRenderer, &binaryDesc, ppShader);

#if defined(PROSPERO
----------------------------------------

[C++ Example 3]
extern void gt_pch_p_17cgraph_simd_clone
    (void *, void *, gt_pointer_operator, void *);
extern void gt_pch_p_28cgraph_function_version_info
    (void *, void *, gt_pointer_operator, void *);
exter...

[Translated Python]
extern void gt_pch_p_17cgraph_simd_clone
    (void *, void *, gt_pointer_operator, void *);
extern void gt_pch_p_28cgraph_function_version_info
    (void *, void *, gt_pointer_operator, void *);
extern void gt_pch_p_30hash_table_cgraph_edge_hasher_
    (void *, void *, gt_pointer_operator, void *);
extern void gt_pch_p_25cgraph_indirect_call_info
    (void *, void *, gt_pointer_operator, void *);
extern void gt_pch_p_8asm_node
    (void *, void *, gt_pointer_operator, void *);
extern void gt_pch_p_12symbol_table
    (void *, void *, gt_pointer_operator, void *);
extern void gt_pch_p_31hash_table_section_name_hasher_
    (void *, void *, gt
----------------------------------------
Epoch 3 | DAE Loss: 0.6981 | BT Loss: 0.7899

==============================
RUNNING INFERENCE ON SAMPLES
==============================

[Python Example 1]
            return None, None, None
        if RougeMetric._evaluator is None:
            RougeMetric._evaluator = rouge.Rouge(
                metrics=['rouge-n', 'rouge-l'], max_n=2
            )
 ...

[Translated C++]
            return None, None, None
        if RougeMetric._evaluator is None:
            RougeMetric._evaluator = rouge.Rouge(
                metrics=['rouge-n', 'rouge-l'], max_n=2
            )
        try:
            scores = [
                RougeMetric._evaluator.get_scores(
                    normalize_answer(guess), normalize_answer(a)
                )
                for a in answers
            ]
        except LookupError:
            warn_once(
                'ROUGE requires nltk punkt tokenizer. Please run '
                '`python -c "import nltk; nltk.download(\'punkt\')`'
            )
            return None, None, None

        scores_rouge1 = max(score['rouge-1']['r'] for score in scores)
        scores_rouge2 = max(score['rouge-2']['r'] for score in scores)
        scores_rougeL = max(score['rouge-l']['r'] for score in scores)
        return None, None,
----------------------------------------

[Python Example 2]
            true_utt_len = np.array(self.utils.get_sequences_length(all_responses_true, maxlen=self.max_sentence_len))
            true_utt = np.array(pad_sequences(all_responses_true, padding='post',...

[Translated C++]
            true_utt_len = np.array(self.utils.get_sequences_length(all_responses_true, maxlen=self.max_sentence_len))
            true_utt = np.array(pad_sequences(all_responses_true, padding='post', maxlen=self.max_sentence_len))
            actions_len = np.array(self.utils.get_sequences_length(actions, maxlen=self.max_sentence_len))
            history, history_len = np.array(history), np.array(history_len)
            batch_size = 0
            low = 0
            epoch = 1
            while epoch <= self.max_epoch:
                n_sample = min(low + self.batch_size, history.shape[0]) - low
                negative_indices = [np.random.randint(0, actions.shape[0], n_sample) for _ in range(self.negative_samples)]
                negs = [actions[negative_indices] for negative_indices in range(self.negative_samples)]
                negs = [actions[negative_indices] for
----------------------------------------

[Python Example 3]
class Distribution:
    from random import random
    from random import gauss
    from numpy.random import poisson

    _h = [0]
    h = property(lambda s: s._h[0])

    drop_rate = 0
    move_rate =...

[Translated C++]
class Distribution:
    from random import random
    from random import gauss
    from numpy.random import poisson

    _h = [0]
    h = property(lambda s: s._h[0])

    drop_rate = 0
    move_rate = 0
    move_int = 600
    tx_rate = 0
    em_rate = 0
    aw_rate = lambda s, n: 0

    @classmethod
    def aloha(cls, k, n):
        r = cls.random()
        return r

    @classmethod
    def tx_chn(cls, a, g):
        return 0

    @classmethod
    def tx_awt(cls, a, g):
        global awt
        fold = sum(p.timeout for p in a.buffer)
        return fold + cls.aw_rate(len(b.children))

    @classmethod
    def emit(cls, k):
        return cls.poisson(cls.em_rate*k)

    @classmethod
    def emit(cls
----------------------------------------

[C++ Example 1]
static float f (const std::string &s) { return (float)strtod(s.c_str(), NULL); }
static bool b (const std::string &s) { return ((int)f(s))==1; }

void read_procobj (Csv &csv, ProcObjData &data)
{
    ...

[Translated Python]
static float f (const std::string &s) { return (float)strtod(s.c_str(), NULL); }
static bool b (const std::string &s) { return ((int)f(s))==1; }

void read_procobj (Csv &csv, ProcObjData &data)
{
        const CsvSection &s = csv["nosection"];
        for (unsigned i=0 ; i<s.size() ; ++i) {
                const CsvLine &line = s[i];
                APP_ASSERT(line.size()==14);

                ProcObj v;
                v.name = line[0];

                v.object_name = line[1];
                v.spacing = f(line[2]);
                v.mindist = f(line[3]);
                v.minrot = f(line[4]);
                v.maxrot = f(line[5]);
                v.minscl = f(line[6]);
                v.maxscl = f(line[7]);
                v.minscl = f(
----------------------------------------

[C++ Example 2]
        [](const v8::WeakCallbackInfo<ActualScript>& data) {
          data.GetParameter()->WeakCallback();
        },
        v8::WeakCallbackType::kFinalizer);
  }

  void WeakCallback() {
    m_scr...

[Translated Python]
        [](const v8::WeakCallbackInfo<ActualScript>& data) {
          data.GetParameter()->WeakCallback();
        },
        v8::WeakCallbackType::kFinalizer);
  }

  void WeakCallback() {
    m_script.ClearWeak();
    m_agent->ScriptCollected(this);
  }

  V8DebuggerAgentImpl* m_agent;
  String16 m_sourceMappingURL;
  Language m_language;
  bool m_isLiveEdit = false;
  bool m_isModule = false;
  mutable String16 m_hash;
  int m_startLine = 0;
  int m_startColumn = 0;
  int m_endLine = 0;
  int m_endColumn = 0;
  v8::Global<v8::debug::Script> m_script;
};

}  // namespace

std::unique_ptr<V8DebuggerScript> V8DebuggerScript::Create(
    v8::Isolate* isolate, v8::Local<v8::debug::Script> script) {

----------------------------------------

[C++ Example 3]
                        N_CRITICAL_PART_NUMBER);
            }
            firstTime = 0;
        }
    }


    /* This a several steps algorithm :
       1) Sort polygons by descending areas
       2...

[Translated Python]
                        N_CRITICAL_PART_NUMBER);
            }
            firstTime = 0;
        }
    }


    /* This a several steps algorithm :
       1) Sort polygons by descending areas
       2) For each polygon of rank i, find its smallest enclosing polygon
          among the polygons of rank [i-1 ... 0]. If there are no such polygon,
          this is a toplevel polygon. Otherwise, depending on if the enclosing
          polygon is toplevel or not, we can decide if we are toplevel or not
       3) Re-sort the polygons to retrieve their inital order (nicer for some applications)
       4) For each non toplevel polygon (= inner ring), add it to its outer ring
       5) Add the toplevel polygons to the multipolygon

       Complexity : O(nPolygonCount^2)
    */

    /* Compute how each polygon relate to the other ones
       To save a bit of computation we always begin the computation by a test
       on the enveloppe. We also take into account the areas to avoid some
       useless tests.  (A contains B implies enveloppe)
       useless tests
----------------------------------------
